10.246.38.48 - - [08/Nov/2018:21:16:52 +0800] "POST /page/login.php HTTP/1.1" 200 58114 "http://10.245.146.90/login.html" "Mozilla/5.0 (Windows NT 6.3; rv 36.0) Gecko/20100101 Firefox/36.0"
10.246.38.48 - - [08/Nov/2018:21:16:52 +0800] "GET /personal/indexb.php HTTP/1.1" 200 58114 "http://10.245.146.90/login.html" "Mozilla/5.0 (Windows NT 6.3; rv 36.0) Gecko/20100101 Firefox/36.0"
10.246.38.48 - - [08/Nov/2018:21:16:52 +0800] "GET /login.html HTTP/1.1" 200 58114 "http://10.245.146.90/login.html" "Mozilla/5.0 (Windows NT 6.3; rv 36.0) Gecko/20100101 Firefox/36.0"
10.246.38.48 - - [08/Nov/2018:21:16:52 +0800] "GET /css/style.css?v=4.1.0 HTTP/1.1" 200 58114 "http://10.245.146.90/login.html" "Mozilla/5.0 (Windows NT 6.3; rv 36.0) Gecko/20100101 Firefox/36.0"
10.246.38.48 - - [08/Nov/2018:21:16:52 +0800] "GET /js/jquery.md5.js HTTP/1.1" 200 58114 "http://10.245.146.90/login.html" "Mozilla/5.0 (Windows NT 6.3; rv 36.0) Gecko/20100101 Firefox/36.0"
10.246.38.48 - - [08/Nov/2018:21:16:54 +0800] "GET /personal/docmanagement.php HTTP/1.1" 200 45167 "http://10.245.146.90/personal/docmanagement.php" "Mozilla/5.0 (Windows NT 6.3; rv 36.0) Gecko/20100101 Firefox/36.0"
10.246.226.235 - - [08/Nov/2018:21:17:12 +0800] "GET /personal/serverinfo.php HTTP/1.1" 200 6019 "http://10.245.146.90/personal/indexb.php" "Mozilla/5.0 (Macintosh; U; Intel Mac OS X 10_6_6; zh-cn) AppleWebKit/533.20.25 (KHTML, like Gecko) Version/5.0.4 Safari/533.20.27"
10.246.38.48 - - [08/Nov/2018:21:17:20 +0800] "GET /js/collect/mouse_keydown.js HTTP/1.1" 304 37178 "-" "Mozilla/5.0 (Windows NT 6.3; rv 36.0) Gecko/20100101 Firefox/36.0"
10.246.38.48 - - [08/Nov/2018:21:17:20 +0800] "POST /page/articleinfo.php HTTP/1.1" 304 37178 "http://10.245.146.90/personal/docmanagement.php" "Mozilla/5.0 (Windows NT 6.3; rv 36.0) Gecko/20100101 Firefox/36.0"
10.246.38.48 - - [08/Nov/2018:21:18:24 +0800] "POST /personal/dataCollect2.php HTTP/1.1" 200 51182 "http://10.245.146.90/personal/indexb.php" "Mozilla/5.0 (Windows NT 6.3; rv 36.0) Gecko/20100101 Firefox/36.0"
10.246.38.48 - - [08/Nov/2018:21:19:04 +0800] "GET /page/articleAPI.php_=1541683144 HTTP/1.1" 304 28871 "http://10.245.146.90/personal/indexb.php" "Mozilla/5.0 (Windows NT 6.3; rv 36.0) Gecko/20100101 Firefox/36.0"
10.246.38.48 - - [08/Nov/2018:21:19:04 +0800] "POST /page/articleinfo.php HTTP/1.1" 304 28871 "http://10.245.146.90/personal/docmanagement.php" "Mozilla/5.0 (Windows NT 6.3; rv 36.0) Gecko/20100101 Firefox/36.0"
10.246.226.235 - - [08/Nov/2018:21:19:34 +0800] "GET /personal/userinfo.php HTTP/1.1" 200 6019 "-" "Mozilla/5.0 (Macintosh; U; Intel Mac OS X 10_6_6; zh-cn) AppleWebKit/533.20.25 (KHTML, like Gecko) Version/5.0.4 Safari/533.20.27"
10.246.226.46 - - [08/Nov/2018:21:21:43 +0800] "GET /personal/editor.php?id=594 HTTP/1.1" 304 29296 "-" "Mozilla/5.0 (Windows NT 6.3; Win64; x64) AppleWebKit/537.36 (KHTML, like Gecko) Chrome/37.0.2049.0 Safari/537.36"
10.246.226.46 - - [08/Nov/2018:21:21:43 +0800] "GET /personal/docmanagement.php HTTP/1.1" 304 29296 "http://10.245.146.90/personal/docmanagement.php" "Mozilla/5.0 (Windows NT 6.3; Win64; x64) AppleWebKit/537.36 (KHTML, like Gecko) Chrome/37.0.2049.0 Safari/537.36"
10.246.38.48 - - [08/Nov/2018:21:22:17 +0800] "GET /personal/project.php HTTP/1.1" 200 51182 "http://10.245.146.90/personal/indexb.php" "Mozilla/5.0 (Windows NT 6.3; rv 36.0) Gecko/20100101 Firefox/36.0"
10.246.226.46 - - [08/Nov/2018:21:22:30 +0800] "GET /personal/docmanagement.php HTTP/1.1" 200 3881 "http://10.245.146.90/personal/docmanagement.php" "Mozilla/5.0 (Windows NT 6.3; Win64; x64) AppleWebKit/537.36 (KHTML, like Gecko) Chrome/37.0.2049.0 Safari/537.36"
10.246.226.235 - - [08/Nov/2018:21:22:32 +0800] "GET /personal/usergets.php HTTP/1.1" 200 6019 "http://10.245.146.90/personal/indexb.php" "Mozilla/5.0 (Macintosh; U; Intel Mac OS X 10_6_6; zh-cn) AppleWebKit/533.20.25 (KHTML, like Gecko) Version/5.0.4 Safari/533.20.27"
10.246.226.235 - - [08/Nov/2018:21:23:28 +0800] "GET /js/collect/mouse_keydown.js HTTP/1.1" 302 54552 "-" "Mozilla/5.0 (Macintosh; U; Intel Mac OS X 10_6_6; zh-cn) AppleWebKit/533.20.25 (KHTML, like Gecko) Version/5.0.4 Safari/533.20.27"
10.246.226.235 - - [08/Nov/2018:21:23:28 +0800] "GET /personal/editor.php?id=474 HTTP/1.1" 302 54552 "http://10.245.146.90/personal/docmanagement.php" "Mozilla/5.0 (Macintosh; U; Intel Mac OS X 10_6_6; zh-cn) AppleWebKit/533.20.25 (KHTML, like Gecko) Version/5.0.4 Safari/533.20.27"
10.246.226.235 - - [08/Nov/2018:21:23:28 +0800] "GET /personal/docmanagement.php HTTP/1.1" 302 54552 "http://10.245.146.90/personal/docmanagement.php" "Mozilla/5.0 (Macintosh; U; Intel Mac OS X 10_6_6; zh-cn) AppleWebKit/533.20.25 (KHTML, like Gecko) Version/5.0.4 Safari/533.20.27"
10.246.226.46 - - [08/Nov/2018:21:23:45 +0800] "GET /personal/docmanagement.php HTTP/1.1" 200 33529 "http://10.245.146.90/personal/indexb.php" "Mozilla/5.0 (Windows NT 6.3; Win64; x64) AppleWebKit/537.36 (KHTML, like Gecko) Chrome/37.0.2049.0 Safari/537.36"
10.246.226.235 - - [08/Nov/2018:21:24:03 +0800] "GET /personal/editor.php?id=367 HTTP/1.1" 200 25142 "http://10.245.146.90/personal/indexb.php" "Mozilla/5.0 (Macintosh; U; Intel Mac OS X 10_6_6; zh-cn) AppleWebKit/533.20.25 (KHTML, like Gecko) Version/5.0.4 Safari/533.20.27"
10.246.226.235 - - [08/Nov/2018:21:24:42 +0800] "GET /personal/editor/plugins/table-dialog/table-dialog.js HTTP/1.1" 302 22551 "http://10.245.146.90/personal/indexb.php" "Mozilla/5.0 (Macintosh; U; Intel Mac OS X 10_6_6; zh-cn) AppleWebKit/533.20.25 (KHTML, like Gecko) Version/5.0.4 Safari/533.20.27"
10.246.226.235 - - [08/Nov/2018:21:24:42 +0800] "POST /page/articleinfo.php HTTP/1.1" 302 22551 "-" "Mozilla/5.0 (Macintosh; U; Intel Mac OS X 10_6_6; zh-cn) AppleWebKit/533.20.25 (KHTML, like Gecko) Version/5.0.4 Safari/533.20.27"
10.246.226.235 - - [08/Nov/2018:21:24:42 +0800] "POST /personal/dataCollect2.php HTTP/1.1" 302 22551 "http://10.245.146.90/personal/docmanagement.php" "Mozilla/5.0 (Macintosh; U; Intel Mac OS X 10_6_6; zh-cn) AppleWebKit/533.20.25 (KHTML, like Gecko) Version/5.0.4 Safari/533.20.27"
10.246.226.235 - - [08/Nov/2018:21:24:47 +0800] "POST /personal/dataCollect2.php HTTP/1.1" 302 48837 "http://10.245.146.90/personal/indexb.php" "Mozilla/5.0 (Macintosh; U; Intel Mac OS X 10_6_6; zh-cn) AppleWebKit/533.20.25 (KHTML, like Gecko) Version/5.0.4 Safari/533.20.27"
10.246.226.235 - - [08/Nov/2018:21:24:47 +0800] "GET /page/articleAPI.php_=1541683487 HTTP/1.1" 302 48837 "http://10.245.146.90/personal/editor.php" "Mozilla/5.0 (Macintosh; U; Intel Mac OS X 10_6_6; zh-cn) AppleWebKit/533.20.25 (KHTML, like Gecko) Version/5.0.4 Safari/533.20.27"
10.246.226.235 - - [08/Nov/2018:21:24:47 +0800] "GET /js/collect/mouse_keydown.js HTTP/1.1" 302 48837 "http://10.245.146.90/personal/indexb.php" "Mozilla/5.0 (Macintosh; U; Intel Mac OS X 10_6_6; zh-cn) AppleWebKit/533.20.25 (KHTML, like Gecko) Version/5.0.4 Safari/533.20.27"
10.246.38.48 - - [08/Nov/2018:21:24:54 +0800] "POST /page/upcontent.php HTTP/1.1" 302 54181 "http://10.245.146.90/personal/editor.php" "Mozilla/5.0 (Windows NT 6.3; rv 36.0) Gecko/20100101 Firefox/36.0"
10.246.38.48 - - [08/Nov/2018:21:24:54 +0800] "POST /personal/dataCollect2.php HTTP/1.1" 302 54181 "http://10.245.146.90/personal/indexb.php" "Mozilla/5.0 (Windows NT 6.3; rv 36.0) Gecko/20100101 Firefox/36.0"
10.246.38.48 - - [08/Nov/2018:21:24:54 +0800] "GET /personal/editor.php?id=376 HTTP/1.1" 302 54181 "http://10.245.146.90/personal/indexb.php" "Mozilla/5.0 (Windows NT 6.3; rv 36.0) Gecko/20100101 Firefox/36.0"
10.246.38.48 - - [08/Nov/2018:21:24:55 +0800] "GET /personal/serverinfo.php HTTP/1.1" 200 51182 "http://10.245.146.90/personal/indexb.php" "Mozilla/5.0 (Windows NT 6.3; rv 36.0) Gecko/20100101 Firefox/36.0"
10.246.226.235 - - [08/Nov/2018:21:25:57 +0800] "POST /page/upcontent.php HTTP/1.1" 302 53829 "http://10.245.146.90/personal/editor.php" "Mozilla/5.0 (Macintosh; U; Intel Mac OS X 10_6_6; zh-cn) AppleWebKit/533.20.25 (KHTML, like Gecko) Version/5.0.4 Safari/533.20.27"
10.246.226.235 - - [08/Nov/2018:21:25:57 +0800] "GET /personal/editor.php?id=482 HTTP/1.1" 302 53829 "-" "Mozilla/5.0 (Macintosh; U; Intel Mac OS X 10_6_6; zh-cn) AppleWebKit/533.20.25 (KHTML, like Gecko) Version/5.0.4 Safari/533.20.27"
10.246.226.235 - - [08/Nov/2018:21:25:57 +0800] "GET /personal/docmanagement.php HTTP/1.1" 302 53829 "http://10.245.146.90/personal/docmanagement.php" "Mozilla/5.0 (Macintosh; U; Intel Mac OS X 10_6_6; zh-cn) AppleWebKit/533.20.25 (KHTML, like Gecko) Version/5.0.4 Safari/533.20.27"
10.246.38.48 - - [08/Nov/2018:21:26:08 +0800] "GET /personal/developlogs.php HTTP/1.1" 200 51182 "http://10.245.146.90/personal/indexb.php" "Mozilla/5.0 (Windows NT 6.3; rv 36.0) Gecko/20100101 Firefox/36.0"
10.246.226.235 - - [08/Nov/2018:21:33:32 +0800] "GET /list.php?more=2&page=3 HTTP/1.1" 200 6019 "http://10.245.146.90/personal/indexb.php" "Mozilla/5.0 (Macintosh; U; Intel Mac OS X 10_6_6; zh-cn) AppleWebKit/533.20.25 (KHTML, like Gecko) Version/5.0.4 Safari/533.20.27"
