10.241.73.71 - - [01/Jan/2019:08:29:44 +0800] "GET /css/animate.css HTTP/1.1" 302 62382 "-" "Mozilla/5.0 (Windows NT 6.3; WOW64) AppleWebKit/537.36 (KHTML, like Gecko) Chrome/41.0.2226.0 Safari/537.36"
10.241.73.71 - - [01/Jan/2019:08:29:44 +0800] "POST /personal/dataCollect1.php HTTP/1.1" 302 62382 "http://10.245.146.90/login.html" "Mozilla/5.0 (Windows NT 6.3; WOW64) AppleWebKit/537.36 (KHTML, like Gecko) Chrome/41.0.2226.0 Safari/537.36"
10.241.73.71 - - [01/Jan/2019:08:29:44 +0800] "GET /personal/indexb.php HTTP/1.1" 302 62382 "http://10.245.146.90/login.html" "Mozilla/5.0 (Windows NT 6.3; WOW64) AppleWebKit/537.36 (KHTML, like Gecko) Chrome/41.0.2226.0 Safari/537.36"
10.241.73.71 - - [01/Jan/2019:08:29:44 +0800] "GET /personal/userportal.php HTTP/1.1" 302 62382 "http://10.245.146.90/login.html" "Mozilla/5.0 (Windows NT 6.3; WOW64) AppleWebKit/537.36 (KHTML, like Gecko) Chrome/41.0.2226.0 Safari/537.36"
10.241.73.71 - - [01/Jan/2019:08:29:44 +0800] "GET /css/font-awesome.css?v=4.4.0 HTTP/1.1" 302 62382 "http://10.245.146.90/login.html" "Mozilla/5.0 (Windows NT 6.3; WOW64) AppleWebKit/537.36 (KHTML, like Gecko) Chrome/41.0.2226.0 Safari/537.36"
10.241.73.71 - - [01/Jan/2019:08:29:44 +0800] "GET /personal/indexb.php HTTP/1.1" 302 62382 "-" "Mozilla/5.0 (Windows NT 6.3; WOW64) AppleWebKit/537.36 (KHTML, like Gecko) Chrome/41.0.2226.0 Safari/537.36"
10.241.73.71 - - [01/Jan/2019:08:29:44 +0800] "GET /js/collect/sendData.js HTTP/1.1" 302 62382 "http://10.245.146.90/login.html" "Mozilla/5.0 (Windows NT 6.3; WOW64) AppleWebKit/537.36 (KHTML, like Gecko) Chrome/41.0.2226.0 Safari/537.36"
10.241.73.71 - - [01/Jan/2019:08:29:44 +0800] "GET /js/jquery.min.js?v=2.1.4 HTTP/1.1" 302 62382 "http://10.245.146.90/login.html" "Mozilla/5.0 (Windows NT 6.3; WOW64) AppleWebKit/537.36 (KHTML, like Gecko) Chrome/41.0.2226.0 Safari/537.36"
10.241.73.71 - - [01/Jan/2019:08:29:44 +0800] "GET /css/bootstrap.min.css?v=3.3.6 HTTP/1.1" 302 62382 "http://10.245.146.90/login.html" "Mozilla/5.0 (Windows NT 6.3; WOW64) AppleWebKit/537.36 (KHTML, like Gecko) Chrome/41.0.2226.0 Safari/537.36"
10.241.73.71 - - [01/Jan/2019:08:29:44 +0800] "GET /js/jquery.md5.js HTTP/1.1" 302 62382 "http://10.245.146.90/login.html" "Mozilla/5.0 (Windows NT 6.3; WOW64) AppleWebKit/537.36 (KHTML, like Gecko) Chrome/41.0.2226.0 Safari/537.36"
10.241.73.71 - - [01/Jan/2019:08:29:44 +0800] "POST /page/login.php HTTP/1.1" 302 62382 "http://10.245.146.90/login.html" "Mozilla/5.0 (Windows NT 6.3; WOW64) AppleWebKit/537.36 (KHTML, like Gecko) Chrome/41.0.2226.0 Safari/537.36"
10.241.73.71 - - [01/Jan/2019:08:29:44 +0800] "GET /css/style.css?v=4.1.0 HTTP/1.1" 302 62382 "http://10.245.146.90/login.html" "Mozilla/5.0 (Windows NT 6.3; WOW64) AppleWebKit/537.36 (KHTML, like Gecko) Chrome/41.0.2226.0 Safari/537.36"
10.241.73.71 - - [01/Jan/2019:08:29:46 +0800] "GET /personal/editor/plugins/table-dialog/table-dialog.js HTTP/1.1" 302 58439 "http://10.245.146.90/personal/indexb.php" "Mozilla/5.0 (Windows NT 6.3; WOW64) AppleWebKit/537.36 (KHTML, like Gecko) Chrome/41.0.2226.0 Safari/537.36"
10.241.73.71 - - [01/Jan/2019:08:29:46 +0800] "GET /personal/docmanagement.php HTTP/1.1" 302 58439 "-" "Mozilla/5.0 (Windows NT 6.3; WOW64) AppleWebKit/537.36 (KHTML, like Gecko) Chrome/41.0.2226.0 Safari/537.36"
10.241.73.71 - - [01/Jan/2019:08:29:46 +0800] "POST /page/upcontent.php HTTP/1.1" 302 58439 "http://10.245.146.90/personal/docmanagement.php" "Mozilla/5.0 (Windows NT 6.3; WOW64) AppleWebKit/537.36 (KHTML, like Gecko) Chrome/41.0.2226.0 Safari/537.36"
10.241.73.71 - - [01/Jan/2019:08:31:24 +0800] "GET /list.php?more=2&page=8 HTTP/1.1" 304 21123 "http://10.245.146.90/personal/indexb.php" "Mozilla/5.0 (Windows NT 6.3; WOW64) AppleWebKit/537.36 (KHTML, like Gecko) Chrome/41.0.2226.0 Safari/537.36"
10.241.73.71 - - [01/Jan/2019:08:31:52 +0800] "GET /personal/usergets.php HTTP/1.1" 304 21123 "http://10.245.146.90/personal/indexb.php" "Mozilla/5.0 (Windows NT 6.3; WOW64) AppleWebKit/537.36 (KHTML, like Gecko) Chrome/41.0.2226.0 Safari/537.36"
10.241.70.49 - - [01/Jan/2019:08:41:35 +0800] "GET /login.html HTTP/1.1" 200 17974 "http://10.245.146.90/login.html" "Mozilla/5.0 (compatible, MSIE 11, Windows NT 6.3; Trident/7.0;  rv 11.0) like Gecko"
10.241.70.49 - - [01/Jan/2019:08:41:35 +0800] "GET /js/jquery.min.js?v=2.1.4 HTTP/1.1" 200 17974 "http://10.245.146.90/login.html" "Mozilla/5.0 (compatible, MSIE 11, Windows NT 6.3; Trident/7.0;  rv 11.0) like Gecko"
10.241.70.49 - - [01/Jan/2019:08:41:35 +0800] "GET /css/font-awesome.css?v=4.4.0 HTTP/1.1" 200 17974 "http://10.245.146.90/login.html" "Mozilla/5.0 (compatible, MSIE 11, Windows NT 6.3; Trident/7.0;  rv 11.0) like Gecko"
10.241.70.49 - - [01/Jan/2019:08:41:35 +0800] "GET /css/bootstrap.min.css?v=3.3.6 HTTP/1.1" 200 17974 "http://10.245.146.90/login.html" "Mozilla/5.0 (compatible, MSIE 11, Windows NT 6.3; Trident/7.0;  rv 11.0) like Gecko"
10.241.70.49 - - [01/Jan/2019:08:41:35 +0800] "GET /css/animate.css HTTP/1.1" 200 17974 "http://10.245.146.90/login.html" "Mozilla/5.0 (compatible, MSIE 11, Windows NT 6.3; Trident/7.0;  rv 11.0) like Gecko"
10.241.70.49 - - [01/Jan/2019:08:41:35 +0800] "GET /js/collect/sendData.js HTTP/1.1" 200 17974 "http://10.245.146.90/login.html" "Mozilla/5.0 (compatible, MSIE 11, Windows NT 6.3; Trident/7.0;  rv 11.0) like Gecko"
10.241.70.49 - - [01/Jan/2019:08:41:35 +0800] "GET /personal/userportal.php HTTP/1.1" 200 17974 "http://10.245.146.90/login.html" "Mozilla/5.0 (compatible, MSIE 11, Windows NT 6.3; Trident/7.0;  rv 11.0) like Gecko"
10.241.70.49 - - [01/Jan/2019:08:41:37 +0800] "GET /personal/docmanagement.php HTTP/1.1" 200 14742 "http://10.245.146.90/personal/docmanagement.php" "Mozilla/5.0 (compatible, MSIE 11, Windows NT 6.3; Trident/7.0;  rv 11.0) like Gecko"
10.241.72.126 - - [01/Jan/2019:08:42:04 +0800] "GET /css/animate.css HTTP/1.1" 304 29437 "http://10.245.146.90/login.html" "Mozilla/5.0 (Macintosh; U; Intel Mac OS X 10_6_5; zh-cn) AppleWebKit/533.19.4 (KHTML, like Gecko) Version/5.0.3 Safari/533.19.4"
10.241.72.126 - - [01/Jan/2019:08:42:04 +0800] "GET /personal/indexb.php HTTP/1.1" 304 29437 "http://10.245.146.90/login.html" "Mozilla/5.0 (Macintosh; U; Intel Mac OS X 10_6_5; zh-cn) AppleWebKit/533.19.4 (KHTML, like Gecko) Version/5.0.3 Safari/533.19.4"
10.241.72.126 - - [01/Jan/2019:08:42:04 +0800] "GET /js/jquery.md5.js HTTP/1.1" 304 29437 "http://10.245.146.90/login.html" "Mozilla/5.0 (Macintosh; U; Intel Mac OS X 10_6_5; zh-cn) AppleWebKit/533.19.4 (KHTML, like Gecko) Version/5.0.3 Safari/533.19.4"
10.241.72.126 - - [01/Jan/2019:08:42:04 +0800] "GET /css/font-awesome.css?v=4.4.0 HTTP/1.1" 304 29437 "http://10.245.146.90/login.html" "Mozilla/5.0 (Macintosh; U; Intel Mac OS X 10_6_5; zh-cn) AppleWebKit/533.19.4 (KHTML, like Gecko) Version/5.0.3 Safari/533.19.4"
10.241.72.126 - - [01/Jan/2019:08:42:04 +0800] "GET /js/jquery.min.js?v=2.1.4 HTTP/1.1" 304 29437 "http://10.245.146.90/login.html" "Mozilla/5.0 (Macintosh; U; Intel Mac OS X 10_6_5; zh-cn) AppleWebKit/533.19.4 (KHTML, like Gecko) Version/5.0.3 Safari/533.19.4"
10.241.72.126 - - [01/Jan/2019:08:42:04 +0800] "GET /css/style.css?v=4.1.0 HTTP/1.1" 304 29437 "http://10.245.146.90/login.html" "Mozilla/5.0 (Macintosh; U; Intel Mac OS X 10_6_5; zh-cn) AppleWebKit/533.19.4 (KHTML, like Gecko) Version/5.0.3 Safari/533.19.4"
10.241.72.126 - - [01/Jan/2019:08:42:04 +0800] "GET /js/collect/sendData.js HTTP/1.1" 304 29437 "http://10.245.146.90/login.html" "Mozilla/5.0 (Macintosh; U; Intel Mac OS X 10_6_5; zh-cn) AppleWebKit/533.19.4 (KHTML, like Gecko) Version/5.0.3 Safari/533.19.4"
10.241.72.126 - - [01/Jan/2019:08:42:04 +0800] "GET /personal/indexb.php HTTP/1.1" 304 29437 "http://10.245.146.90/login.html" "Mozilla/5.0 (Macintosh; U; Intel Mac OS X 10_6_5; zh-cn) AppleWebKit/533.19.4 (KHTML, like Gecko) Version/5.0.3 Safari/533.19.4"
10.241.72.126 - - [01/Jan/2019:08:42:06 +0800] "GET /personal/docmanagement.php HTTP/1.1" 200 38799 "-" "Mozilla/5.0 (Macintosh; U; Intel Mac OS X 10_6_5; zh-cn) AppleWebKit/533.19.4 (KHTML, like Gecko) Version/5.0.3 Safari/533.19.4"
10.241.72.126 - - [01/Jan/2019:08:42:56 +0800] "GET /personal/docmanagement.php HTTP/1.1" 200 6124 "http://10.245.146.90/personal/indexb.php" "Mozilla/5.0 (Macintosh; U; Intel Mac OS X 10_6_5; zh-cn) AppleWebKit/533.19.4 (KHTML, like Gecko) Version/5.0.3 Safari/533.19.4"
10.246.37.160 - - [01/Jan/2019:08:43:35 +0800] "GET /css/font-awesome.css?v=4.4.0 HTTP/1.1" 200 19435 "http://10.245.146.90/login.html" "Opera/9.80 (Windows NT 6.0) Presto/2.12.388 Version/12.14"
10.246.37.160 - - [01/Jan/2019:08:43:35 +0800] "GET /js/collect/sendData.js HTTP/1.1" 200 19435 "http://10.245.146.90/login.html" "Opera/9.80 (Windows NT 6.0) Presto/2.12.388 Version/12.14"
10.246.37.160 - - [01/Jan/2019:08:43:35 +0800] "GET /personal/userportal.php HTTP/1.1" 200 19435 "http://10.245.146.90/login.html" "Opera/9.80 (Windows NT 6.0) Presto/2.12.388 Version/12.14"
10.246.37.160 - - [01/Jan/2019:08:43:35 +0800] "GET /css/animate.css HTTP/1.1" 200 19435 "http://10.245.146.90/login.html" "Opera/9.80 (Windows NT 6.0) Presto/2.12.388 Version/12.14"
10.246.37.160 - - [01/Jan/2019:08:43:35 +0800] "GET /js/jquery.md5.js HTTP/1.1" 200 19435 "http://10.245.146.90/login.html" "Opera/9.80 (Windows NT 6.0) Presto/2.12.388 Version/12.14"
10.246.37.160 - - [01/Jan/2019:08:43:35 +0800] "POST /personal/dataCollect1.php HTTP/1.1" 200 19435 "http://10.245.146.90/login.html" "Opera/9.80 (Windows NT 6.0) Presto/2.12.388 Version/12.14"
10.246.37.160 - - [01/Jan/2019:08:43:35 +0800] "GET /css/bootstrap.min.css?v=3.3.6 HTTP/1.1" 200 19435 "http://10.245.146.90/login.html" "Opera/9.80 (Windows NT 6.0) Presto/2.12.388 Version/12.14"
10.246.37.160 - - [01/Jan/2019:08:43:37 +0800] "GET /personal/docmanagement.php HTTP/1.1" 302 6107 "http://10.245.146.90/personal/indexb.php" "Opera/9.80 (Windows NT 6.0) Presto/2.12.388 Version/12.14"
10.246.37.160 - - [01/Jan/2019:08:43:37 +0800] "GET /personal/docmanagement.php HTTP/1.1" 302 6107 "-" "Opera/9.80 (Windows NT 6.0) Presto/2.12.388 Version/12.14"
10.246.37.160 - - [01/Jan/2019:08:43:37 +0800] "POST /page/upcontent.php HTTP/1.1" 302 6107 "-" "Opera/9.80 (Windows NT 6.0) Presto/2.12.388 Version/12.14"
10.241.72.126 - - [01/Jan/2019:08:44:22 +0800] "GET /personal/editor/plugins/table-dialog/table-dialog.js HTTP/1.1" 200 33296 "http://10.245.146.90/personal/indexb.php" "Mozilla/5.0 (Macintosh; U; Intel Mac OS X 10_6_5; zh-cn) AppleWebKit/533.19.4 (KHTML, like Gecko) Version/5.0.3 Safari/533.19.4"
10.241.72.126 - - [01/Jan/2019:08:45:42 +0800] "POST /personal/dataCollect2.php HTTP/1.1" 302 21670 "http://10.245.146.90/personal/editor.php" "Mozilla/5.0 (Macintosh; U; Intel Mac OS X 10_6_5; zh-cn) AppleWebKit/533.19.4 (KHTML, like Gecko) Version/5.0.3 Safari/533.19.4"
10.241.72.126 - - [01/Jan/2019:08:45:42 +0800] "GET /personal/editor.php?id=755 HTTP/1.1" 302 21670 "http://10.245.146.90/personal/indexb.php" "Mozilla/5.0 (Macintosh; U; Intel Mac OS X 10_6_5; zh-cn) AppleWebKit/533.19.4 (KHTML, like Gecko) Version/5.0.3 Safari/533.19.4"
10.241.72.126 - - [01/Jan/2019:08:45:42 +0800] "POST /page/upcontent.php HTTP/1.1" 302 21670 "http://10.245.146.90/personal/docmanagement.php" "Mozilla/5.0 (Macintosh; U; Intel Mac OS X 10_6_5; zh-cn) AppleWebKit/533.19.4 (KHTML, like Gecko) Version/5.0.3 Safari/533.19.4"
10.241.72.126 - - [01/Jan/2019:08:46:14 +0800] "GET /personal/usergets.php HTTP/1.1" 200 12350 "http://10.245.146.90/personal/indexb.php" "Mozilla/5.0 (Macintosh; U; Intel Mac OS X 10_6_5; zh-cn) AppleWebKit/533.19.4 (KHTML, like Gecko) Version/5.0.3 Safari/533.19.4"
10.241.70.49 - - [01/Jan/2019:08:47:21 +0800] "POST /page/articleinfo.php HTTP/1.1" 302 46853 "http://10.245.146.90/personal/indexb.php" "Mozilla/5.0 (compatible, MSIE 11, Windows NT 6.3; Trident/7.0;  rv 11.0) like Gecko"
10.241.70.49 - - [01/Jan/2019:08:47:21 +0800] "GET /js/collect/mouse_keydown.js HTTP/1.1" 302 46853 "http://10.245.146.90/personal/indexb.php" "Mozilla/5.0 (compatible, MSIE 11, Windows NT 6.3; Trident/7.0;  rv 11.0) like Gecko"
10.241.70.49 - - [01/Jan/2019:08:47:21 +0800] "GET /personal/editor.php?id=305 HTTP/1.1" 302 46853 "http://10.245.146.90/personal/indexb.php" "Mozilla/5.0 (compatible, MSIE 11, Windows NT 6.3; Trident/7.0;  rv 11.0) like Gecko"
10.241.70.49 - - [01/Jan/2019:08:47:42 +0800] "GET /personal/editor/plugins/table-dialog/table-dialog.js HTTP/1.1" 302 50123 "http://10.245.146.90/personal/docmanagement.php" "Mozilla/5.0 (compatible, MSIE 11, Windows NT 6.3; Trident/7.0;  rv 11.0) like Gecko"
10.241.70.49 - - [01/Jan/2019:08:47:42 +0800] "GET /personal/editor.php?id=929 HTTP/1.1" 302 50123 "http://10.245.146.90/personal/docmanagement.php" "Mozilla/5.0 (compatible, MSIE 11, Windows NT 6.3; Trident/7.0;  rv 11.0) like Gecko"
10.241.70.49 - - [01/Jan/2019:08:47:42 +0800] "POST /personal/dataCollect2.php HTTP/1.1" 302 50123 "http://10.245.146.90/personal/indexb.php" "Mozilla/5.0 (compatible, MSIE 11, Windows NT 6.3; Trident/7.0;  rv 11.0) like Gecko"
10.241.72.126 - - [01/Jan/2019:08:48:03 +0800] "POST /personal/dataCollect2.php HTTP/1.1" 200 12350 "http://10.245.146.90/personal/indexb.php" "Mozilla/5.0 (Macintosh; U; Intel Mac OS X 10_6_5; zh-cn) AppleWebKit/533.19.4 (KHTML, like Gecko) Version/5.0.3 Safari/533.19.4"
10.241.70.49 - - [01/Jan/2019:08:49:06 +0800] "GET /personal/editor/plugins/table-dialog/table-dialog.js HTTP/1.1" 302 12483 "http://10.245.146.90/personal/docmanagement.php" "Mozilla/5.0 (compatible, MSIE 11, Windows NT 6.3; Trident/7.0;  rv 11.0) like Gecko"
10.241.70.49 - - [01/Jan/2019:08:49:06 +0800] "GET /personal/editor.php?id=911 HTTP/1.1" 302 12483 "http://10.245.146.90/personal/indexb.php" "Mozilla/5.0 (compatible, MSIE 11, Windows NT 6.3; Trident/7.0;  rv 11.0) like Gecko"
10.241.70.49 - - [01/Jan/2019:08:49:06 +0800] "GET /personal/docmanagement.php HTTP/1.1" 302 12483 "http://10.245.146.90/personal/editor.php" "Mozilla/5.0 (compatible, MSIE 11, Windows NT 6.3; Trident/7.0;  rv 11.0) like Gecko"
10.246.100.176 - - [01/Jan/2019:08:49:51 +0800] "GET /js/collect/sendData.js HTTP/1.1" 302 24788 "http://10.245.146.90/login.html" "Mozilla/5.0 (X11; NetBSD) AppleWebKit/537.36 (KHTML, like Gecko) Chrome/27.0.1453.116 Safari/537.36"
10.246.100.176 - - [01/Jan/2019:08:49:51 +0800] "GET /js/jquery.min.js?v=2.1.4 HTTP/1.1" 302 24788 "http://10.245.146.90/login.html" "Mozilla/5.0 (X11; NetBSD) AppleWebKit/537.36 (KHTML, like Gecko) Chrome/27.0.1453.116 Safari/537.36"
10.246.100.176 - - [01/Jan/2019:08:49:51 +0800] "GET /personal/indexb.php HTTP/1.1" 302 24788 "http://10.245.146.90/login.html" "Mozilla/5.0 (X11; NetBSD) AppleWebKit/537.36 (KHTML, like Gecko) Chrome/27.0.1453.116 Safari/537.36"
10.246.100.176 - - [01/Jan/2019:08:49:51 +0800] "POST /personal/dataCollect1.php HTTP/1.1" 302 24788 "http://10.245.146.90/login.html" "Mozilla/5.0 (X11; NetBSD) AppleWebKit/537.36 (KHTML, like Gecko) Chrome/27.0.1453.116 Safari/537.36"
10.246.100.176 - - [01/Jan/2019:08:49:51 +0800] "GET /js/jquery.md5.js HTTP/1.1" 302 24788 "http://10.245.146.90/login.html" "Mozilla/5.0 (X11; NetBSD) AppleWebKit/537.36 (KHTML, like Gecko) Chrome/27.0.1453.116 Safari/537.36"
10.246.100.176 - - [01/Jan/2019:08:49:51 +0800] "GET /personal/userportal.php HTTP/1.1" 302 24788 "http://10.245.146.90/login.html" "Mozilla/5.0 (X11; NetBSD) AppleWebKit/537.36 (KHTML, like Gecko) Chrome/27.0.1453.116 Safari/537.36"
10.246.100.176 - - [01/Jan/2019:08:49:51 +0800] "GET /css/bootstrap.min.css?v=3.3.6 HTTP/1.1" 302 24788 "http://10.245.146.90/login.html" "Mozilla/5.0 (X11; NetBSD) AppleWebKit/537.36 (KHTML, like Gecko) Chrome/27.0.1453.116 Safari/537.36"
10.246.100.176 - - [01/Jan/2019:08:49:51 +0800] "GET /css/font-awesome.css?v=4.4.0 HTTP/1.1" 302 24788 "http://10.245.146.90/login.html" "Mozilla/5.0 (X11; NetBSD) AppleWebKit/537.36 (KHTML, like Gecko) Chrome/27.0.1453.116 Safari/537.36"
10.246.100.176 - - [01/Jan/2019:08:49:51 +0800] "GET /login.html HTTP/1.1" 302 24788 "-" "Mozilla/5.0 (X11; NetBSD) AppleWebKit/537.36 (KHTML, like Gecko) Chrome/27.0.1453.116 Safari/537.36"
10.246.100.176 - - [01/Jan/2019:08:49:53 +0800] "GET /personal/editor/plugins/table-dialog/table-dialog.js HTTP/1.1" 302 60328 "http://10.245.146.90/personal/indexb.php" "Mozilla/5.0 (X11; NetBSD) AppleWebKit/537.36 (KHTML, like Gecko) Chrome/27.0.1453.116 Safari/537.36"
10.246.100.176 - - [01/Jan/2019:08:49:53 +0800] "GET /js/collect/mouse_keydown.js HTTP/1.1" 302 60328 "http://10.245.146.90/personal/editor.php" "Mozilla/5.0 (X11; NetBSD) AppleWebKit/537.36 (KHTML, like Gecko) Chrome/27.0.1453.116 Safari/537.36"
10.246.100.176 - - [01/Jan/2019:08:49:53 +0800] "GET /page/articleAPI.php_=1546303793 HTTP/1.1" 302 60328 "http://10.245.146.90/personal/editor.php" "Mozilla/5.0 (X11; NetBSD) AppleWebKit/537.36 (KHTML, like Gecko) Chrome/27.0.1453.116 Safari/537.36"
10.246.37.160 - - [01/Jan/2019:08:51:29 +0800] "GET /personal/userinfo.php HTTP/1.1" 302 7732 "http://10.245.146.90/personal/indexb.php" "Opera/9.80 (Windows NT 6.0) Presto/2.12.388 Version/12.14"
10.246.100.176 - - [01/Jan/2019:08:51:35 +0800] "POST /page/articleinfo.php HTTP/1.1" 304 19568 "http://10.245.146.90/personal/indexb.php" "Mozilla/5.0 (X11; NetBSD) AppleWebKit/537.36 (KHTML, like Gecko) Chrome/27.0.1453.116 Safari/537.36"
10.246.100.176 - - [01/Jan/2019:08:51:35 +0800] "GET /personal/docmanagement.php HTTP/1.1" 304 19568 "http://10.245.146.90/personal/indexb.php" "Mozilla/5.0 (X11; NetBSD) AppleWebKit/537.36 (KHTML, like Gecko) Chrome/27.0.1453.116 Safari/537.36"
10.246.37.160 - - [01/Jan/2019:08:51:59 +0800] "GET /personal/project.php HTTP/1.1" 302 7732 "http://10.245.146.90/personal/indexb.php" "Opera/9.80 (Windows NT 6.0) Presto/2.12.388 Version/12.14"
10.246.100.176 - - [01/Jan/2019:08:53:16 +0800] "GET /personal/docmanagement.php HTTP/1.1" 302 22090 "http://10.245.146.90/personal/editor.php" "Mozilla/5.0 (X11; NetBSD) AppleWebKit/537.36 (KHTML, like Gecko) Chrome/27.0.1453.116 Safari/537.36"
10.246.100.176 - - [01/Jan/2019:08:53:16 +0800] "GET /js/collect/mouse_keydown.js HTTP/1.1" 302 22090 "http://10.245.146.90/personal/editor.php" "Mozilla/5.0 (X11; NetBSD) AppleWebKit/537.36 (KHTML, like Gecko) Chrome/27.0.1453.116 Safari/537.36"
10.246.100.176 - - [01/Jan/2019:08:53:16 +0800] "POST /page/upcontent.php HTTP/1.1" 302 22090 "http://10.245.146.90/personal/indexb.php" "Mozilla/5.0 (X11; NetBSD) AppleWebKit/537.36 (KHTML, like Gecko) Chrome/27.0.1453.116 Safari/537.36"
10.246.100.176 - - [01/Jan/2019:08:53:55 +0800] "GET /personal/serverinfo.php HTTP/1.1" 302 21194 "http://10.245.146.90/personal/indexb.php" "Mozilla/5.0 (X11; NetBSD) AppleWebKit/537.36 (KHTML, like Gecko) Chrome/27.0.1453.116 Safari/537.36"
10.246.100.176 - - [01/Jan/2019:08:54:03 +0800] "GET /personal/docmanagement.php HTTP/1.1" 304 32820 "http://10.245.146.90/personal/docmanagement.php" "Mozilla/5.0 (X11; NetBSD) AppleWebKit/537.36 (KHTML, like Gecko) Chrome/27.0.1453.116 Safari/537.36"
10.246.100.176 - - [01/Jan/2019:08:54:03 +0800] "POST /personal/dataCollect2.php HTTP/1.1" 304 32820 "http://10.245.146.90/personal/indexb.php" "Mozilla/5.0 (X11; NetBSD) AppleWebKit/537.36 (KHTML, like Gecko) Chrome/27.0.1453.116 Safari/537.36"
10.241.72.126 - - [01/Jan/2019:08:55:33 +0800] "GET /personal/developlogs.php HTTP/1.1" 200 12350 "http://10.245.146.90/personal/indexb.php" "Mozilla/5.0 (Macintosh; U; Intel Mac OS X 10_6_5; zh-cn) AppleWebKit/533.19.4 (KHTML, like Gecko) Version/5.0.3 Safari/533.19.4"
10.246.50.88 - - [01/Jan/2019:08:57:04 +0800] "POST /personal/dataCollect1.php HTTP/1.1" 302 24115 "http://10.245.146.90/login.html" "Opera/9.80 (Windows NT 6.0) Presto/2.12.388 Version/12.14"
10.246.50.88 - - [01/Jan/2019:08:57:04 +0800] "GET /login.html HTTP/1.1" 302 24115 "http://10.245.146.90/login.html" "Opera/9.80 (Windows NT 6.0) Presto/2.12.388 Version/12.14"
10.246.50.88 - - [01/Jan/2019:08:57:04 +0800] "POST /page/login.php HTTP/1.1" 302 24115 "http://10.245.146.90/login.html" "Opera/9.80 (Windows NT 6.0) Presto/2.12.388 Version/12.14"
10.246.50.88 - - [01/Jan/2019:08:57:04 +0800] "GET /js/collect/sendData.js HTTP/1.1" 302 24115 "http://10.245.146.90/login.html" "Opera/9.80 (Windows NT 6.0) Presto/2.12.388 Version/12.14"
10.246.50.88 - - [01/Jan/2019:08:57:04 +0800] "GET /personal/indexb.php HTTP/1.1" 302 24115 "-" "Opera/9.80 (Windows NT 6.0) Presto/2.12.388 Version/12.14"
10.246.50.88 - - [01/Jan/2019:08:57:04 +0800] "GET /css/animate.css HTTP/1.1" 302 24115 "http://10.245.146.90/login.html" "Opera/9.80 (Windows NT 6.0) Presto/2.12.388 Version/12.14"
10.246.50.88 - - [01/Jan/2019:08:57:04 +0800] "GET /css/style.css?v=4.1.0 HTTP/1.1" 302 24115 "http://10.245.146.90/login.html" "Opera/9.80 (Windows NT 6.0) Presto/2.12.388 Version/12.14"
10.246.50.88 - - [01/Jan/2019:08:57:04 +0800] "GET /js/jquery.min.js?v=2.1.4 HTTP/1.1" 302 24115 "http://10.245.146.90/login.html" "Opera/9.80 (Windows NT 6.0) Presto/2.12.388 Version/12.14"
10.246.50.88 - - [01/Jan/2019:08:57:04 +0800] "GET /css/bootstrap.min.css?v=3.3.6 HTTP/1.1" 302 24115 "http://10.245.146.90/login.html" "Opera/9.80 (Windows NT 6.0) Presto/2.12.388 Version/12.14"
10.246.50.88 - - [01/Jan/2019:08:57:06 +0800] "GET /page/articleAPI.php_=1546304226 HTTP/1.1" 302 27111 "http://10.245.146.90/personal/indexb.php" "Opera/9.80 (Windows NT 6.0) Presto/2.12.388 Version/12.14"
10.246.50.88 - - [01/Jan/2019:08:57:06 +0800] "POST /page/upcontent.php HTTP/1.1" 302 27111 "http://10.245.146.90/personal/docmanagement.php" "Opera/9.80 (Windows NT 6.0) Presto/2.12.388 Version/12.14"
10.246.50.88 - - [01/Jan/2019:08:57:06 +0800] "GET /js/collect/mouse_keydown.js HTTP/1.1" 302 27111 "http://10.245.146.90/personal/editor.php" "Opera/9.80 (Windows NT 6.0) Presto/2.12.388 Version/12.14"
10.246.100.176 - - [01/Jan/2019:08:57:22 +0800] "GET /personal/userinfo.php HTTP/1.1" 302 21194 "http://10.245.146.90/personal/indexb.php" "Mozilla/5.0 (X11; NetBSD) AppleWebKit/537.36 (KHTML, like Gecko) Chrome/27.0.1453.116 Safari/537.36"
10.241.72.126 - - [01/Jan/2019:08:58:16 +0800] "GET /personal/userlist.php HTTP/1.1" 200 12350 "http://10.245.146.90/personal/indexb.php" "Mozilla/5.0 (Macintosh; U; Intel Mac OS X 10_6_5; zh-cn) AppleWebKit/533.19.4 (KHTML, like Gecko) Version/5.0.3 Safari/533.19.4"
10.246.50.88 - - [01/Jan/2019:08:58:32 +0800] "GET /personal/userlist.php HTTP/1.1" 200 40478 "http://10.245.146.90/personal/indexb.php" "Opera/9.80 (Windows NT 6.0) Presto/2.12.388 Version/12.14"
10.246.37.160 - - [01/Jan/2019:09:00:15 +0800] "GET /personal/userlist.php HTTP/1.1" 302 7732 "http://10.245.146.90/personal/indexb.php" "Opera/9.80 (Windows NT 6.0) Presto/2.12.388 Version/12.14"
10.246.50.88 - - [01/Jan/2019:09:01:50 +0800] "GET /personal/project.php HTTP/1.1" 200 40478 "http://10.245.146.90/personal/indexb.php" "Opera/9.80 (Windows NT 6.0) Presto/2.12.388 Version/12.14"
10.246.100.176 - - [01/Jan/2019:09:06:25 +0800] "GET /personal/project.php HTTP/1.1" 302 21194 "http://10.245.146.90/personal/indexb.php" "Mozilla/5.0 (X11; NetBSD) AppleWebKit/537.36 (KHTML, like Gecko) Chrome/27.0.1453.116 Safari/537.36"
10.246.50.88 - - [01/Jan/2019:09:06:29 +0800] "GET /personal/developlogs.php HTTP/1.1" 200 40478 "http://10.245.146.90/personal/indexb.php" "Opera/9.80 (Windows NT 6.0) Presto/2.12.388 Version/12.14"
10.246.100.176 - - [01/Jan/2019:09:10:20 +0800] "GET /personal/editor.php?id=1032 HTTP/1.1" 302 14633 "http://10.245.146.90/personal/editor.php" "Mozilla/5.0 (X11; NetBSD) AppleWebKit/537.36 (KHTML, like Gecko) Chrome/27.0.1453.116 Safari/537.36"
10.246.100.176 - - [01/Jan/2019:09:10:20 +0800] "POST /page/upcontent.php HTTP/1.1" 302 14633 "-" "Mozilla/5.0 (X11; NetBSD) AppleWebKit/537.36 (KHTML, like Gecko) Chrome/27.0.1453.116 Safari/537.36"
10.246.100.176 - - [01/Jan/2019:09:10:20 +0800] "POST /personal/dataCollect2.php HTTP/1.1" 302 14633 "http://10.245.146.90/personal/indexb.php" "Mozilla/5.0 (X11; NetBSD) AppleWebKit/537.36 (KHTML, like Gecko) Chrome/27.0.1453.116 Safari/537.36"
10.246.50.88 - - [01/Jan/2019:09:12:23 +0800] "GET /list.php?more=2&page=6 HTTP/1.1" 200 40478 "http://10.245.146.90/personal/indexb.php" "Opera/9.80 (Windows NT 6.0) Presto/2.12.388 Version/12.14"
10.241.73.13 - - [01/Jan/2019:14:14:49 +0800] "POST /page/login.php HTTP/1.1" 200 60543 "http://10.245.146.90/login.html" "Opera/9.80 (Windows NT 6.1; U; pl) Presto/2.7.62 Version/11.00"
10.241.73.13 - - [01/Jan/2019:14:14:49 +0800] "GET /js/jquery.md5.js HTTP/1.1" 200 60543 "http://10.245.146.90/login.html" "Opera/9.80 (Windows NT 6.1; U; pl) Presto/2.7.62 Version/11.00"
10.241.73.13 - - [01/Jan/2019:14:14:49 +0800] "GET /css/bootstrap.min.css?v=3.3.6 HTTP/1.1" 200 60543 "-" "Opera/9.80 (Windows NT 6.1; U; pl) Presto/2.7.62 Version/11.00"
10.241.73.13 - - [01/Jan/2019:14:14:49 +0800] "GET /js/jquery.min.js?v=2.1.4 HTTP/1.1" 200 60543 "http://10.245.146.90/login.html" "Opera/9.80 (Windows NT 6.1; U; pl) Presto/2.7.62 Version/11.00"
10.241.73.13 - - [01/Jan/2019:14:14:49 +0800] "GET /css/style.css?v=4.1.0 HTTP/1.1" 200 60543 "http://10.245.146.90/login.html" "Opera/9.80 (Windows NT 6.1; U; pl) Presto/2.7.62 Version/11.00"
10.241.73.13 - - [01/Jan/2019:14:14:49 +0800] "GET /personal/indexb.php HTTP/1.1" 200 60543 "http://10.245.146.90/login.html" "Opera/9.80 (Windows NT 6.1; U; pl) Presto/2.7.62 Version/11.00"
10.241.73.13 - - [01/Jan/2019:14:14:49 +0800] "GET /js/collect/sendData.js HTTP/1.1" 200 60543 "http://10.245.146.90/login.html" "Opera/9.80 (Windows NT 6.1; U; pl) Presto/2.7.62 Version/11.00"
10.241.73.13 - - [01/Jan/2019:14:14:51 +0800] "POST /personal/dataCollect2.php HTTP/1.1" 302 11410 "http://10.245.146.90/personal/docmanagement.php" "Opera/9.80 (Windows NT 6.1; U; pl) Presto/2.7.62 Version/11.00"
10.241.73.13 - - [01/Jan/2019:14:14:51 +0800] "GET /personal/editor/plugins/table-dialog/table-dialog.js HTTP/1.1" 302 11410 "-" "Opera/9.80 (Windows NT 6.1; U; pl) Presto/2.7.62 Version/11.00"
10.241.73.13 - - [01/Jan/2019:14:14:51 +0800] "GET /personal/docmanagement.php HTTP/1.1" 302 11410 "-" "Opera/9.80 (Windows NT 6.1; U; pl) Presto/2.7.62 Version/11.00"
10.241.73.13 - - [01/Jan/2019:14:15:36 +0800] "GET /personal/editor/plugins/table-dialog/table-dialog.js HTTP/1.1" 200 34636 "http://10.245.146.90/personal/indexb.php" "Opera/9.80 (Windows NT 6.1; U; pl) Presto/2.7.62 Version/11.00"
10.241.73.13 - - [01/Jan/2019:14:25:51 +0800] "GET /personal/userinfo.php HTTP/1.1" 304 5837 "http://10.245.146.90/personal/indexb.php" "Opera/9.80 (Windows NT 6.1; U; pl) Presto/2.7.62 Version/11.00"
10.246.167.101 - - [01/Jan/2019:14:27:24 +0800] "GET /js/collect/sendData.js HTTP/1.1" 304 37044 "http://10.245.146.90/login.html" "Opera/9.80 (Windows NT 5.2; U; zh-cn) Presto/2.7.62 Version/11.01"
10.246.167.101 - - [01/Jan/2019:14:27:24 +0800] "GET /css/bootstrap.min.css?v=3.3.6 HTTP/1.1" 304 37044 "http://10.245.146.90/login.html" "Opera/9.80 (Windows NT 5.2; U; zh-cn) Presto/2.7.62 Version/11.01"
10.246.167.101 - - [01/Jan/2019:14:27:24 +0800] "GET /css/font-awesome.css?v=4.4.0 HTTP/1.1" 304 37044 "http://10.245.146.90/login.html" "Opera/9.80 (Windows NT 5.2; U; zh-cn) Presto/2.7.62 Version/11.01"
10.246.167.101 - - [01/Jan/2019:14:27:24 +0800] "GET /personal/userportal.php HTTP/1.1" 304 37044 "http://10.245.146.90/login.html" "Opera/9.80 (Windows NT 5.2; U; zh-cn) Presto/2.7.62 Version/11.01"
10.246.167.101 - - [01/Jan/2019:14:27:24 +0800] "GET /personal/indexb.php HTTP/1.1" 304 37044 "http://10.245.146.90/login.html" "Opera/9.80 (Windows NT 5.2; U; zh-cn) Presto/2.7.62 Version/11.01"
10.246.167.101 - - [01/Jan/2019:14:27:26 +0800] "GET /personal/docmanagement.php HTTP/1.1" 304 47937 "http://10.245.146.90/personal/docmanagement.php" "Opera/9.80 (Windows NT 5.2; U; zh-cn) Presto/2.7.62 Version/11.01"
10.246.167.101 - - [01/Jan/2019:14:27:26 +0800] "POST /page/articleinfo.php HTTP/1.1" 304 47937 "http://10.245.146.90/personal/indexb.php" "Opera/9.80 (Windows NT 5.2; U; zh-cn) Presto/2.7.62 Version/11.01"
10.241.73.13 - - [01/Jan/2019:14:29:39 +0800] "GET /personal/editor.php?id=936 HTTP/1.1" 200 20682 "http://10.245.146.90/personal/editor.php" "Opera/9.80 (Windows NT 6.1; U; pl) Presto/2.7.62 Version/11.00"
10.241.73.13 - - [01/Jan/2019:14:29:51 +0800] "GET /personal/serverinfo.php HTTP/1.1" 304 5837 "http://10.245.146.90/personal/indexb.php" "Opera/9.80 (Windows NT 6.1; U; pl) Presto/2.7.62 Version/11.00"
10.246.167.101 - - [01/Jan/2019:14:30:22 +0800] "POST /personal/dataCollect2.php HTTP/1.1" 302 24784 "http://10.245.146.90/personal/editor.php" "Opera/9.80 (Windows NT 5.2; U; zh-cn) Presto/2.7.62 Version/11.01"
10.246.167.101 - - [01/Jan/2019:14:30:22 +0800] "POST /page/articleinfo.php HTTP/1.1" 302 24784 "http://10.245.146.90/personal/editor.php" "Opera/9.80 (Windows NT 5.2; U; zh-cn) Presto/2.7.62 Version/11.01"
10.246.167.101 - - [01/Jan/2019:14:30:22 +0800] "POST /page/upcontent.php HTTP/1.1" 302 24784 "http://10.245.146.90/personal/docmanagement.php" "Opera/9.80 (Windows NT 5.2; U; zh-cn) Presto/2.7.62 Version/11.01"
10.241.73.13 - - [01/Jan/2019:14:30:37 +0800] "GET /js/collect/mouse_keydown.js HTTP/1.1" 200 57582 "-" "Opera/9.80 (Windows NT 6.1; U; pl) Presto/2.7.62 Version/11.00"
10.246.167.101 - - [01/Jan/2019:14:31:01 +0800] "POST /personal/dataCollect2.php HTTP/1.1" 200 56415 "http://10.245.146.90/personal/docmanagement.php" "Opera/9.80 (Windows NT 5.2; U; zh-cn) Presto/2.7.62 Version/11.01"
10.241.73.13 - - [01/Jan/2019:14:32:17 +0800] "GET /personal/editor/plugins/table-dialog/table-dialog.js HTTP/1.1" 304 56932 "http://10.245.146.90/personal/indexb.php" "Opera/9.80 (Windows NT 6.1; U; pl) Presto/2.7.62 Version/11.00"
10.241.73.13 - - [01/Jan/2019:14:32:17 +0800] "GET /personal/docmanagement.php HTTP/1.1" 304 56932 "http://10.245.146.90/personal/editor.php" "Opera/9.80 (Windows NT 6.1; U; pl) Presto/2.7.62 Version/11.00"
10.246.167.101 - - [01/Jan/2019:14:32:29 +0800] "POST /personal/dataCollect2.php HTTP/1.1" 304 1564 "http://10.245.146.90/personal/editor.php" "Opera/9.80 (Windows NT 5.2; U; zh-cn) Presto/2.7.62 Version/11.01"
10.246.167.101 - - [01/Jan/2019:14:32:29 +0800] "GET /personal/docmanagement.php HTTP/1.1" 304 1564 "http://10.245.146.90/personal/indexb.php" "Opera/9.80 (Windows NT 5.2; U; zh-cn) Presto/2.7.62 Version/11.01"
10.241.73.13 - - [01/Jan/2019:14:32:59 +0800] "GET /js/collect/mouse_keydown.js HTTP/1.1" 304 3825 "http://10.245.146.90/personal/indexb.php" "Opera/9.80 (Windows NT 6.1; U; pl) Presto/2.7.62 Version/11.00"
10.241.73.13 - - [01/Jan/2019:14:32:59 +0800] "POST /page/articleinfo.php HTTP/1.1" 304 3825 "-" "Opera/9.80 (Windows NT 6.1; U; pl) Presto/2.7.62 Version/11.00"
10.246.167.101 - - [01/Jan/2019:14:33:38 +0800] "GET /personal/docmanagement.php HTTP/1.1" 200 43627 "http://10.245.146.90/personal/indexb.php" "Opera/9.80 (Windows NT 5.2; U; zh-cn) Presto/2.7.62 Version/11.01"
10.241.70.108 - - [01/Jan/2019:16:50:46 +0800] "GET /personal/userportal.php HTTP/1.1" 302 14651 "http://10.245.146.90/login.html" "Opera/9.80 (Windows NT 5.2; U; zh-cn) Presto/2.7.62 Version/11.01"
10.241.70.108 - - [01/Jan/2019:16:50:46 +0800] "GET /personal/indexb.php HTTP/1.1" 302 14651 "http://10.245.146.90/login.html" "Opera/9.80 (Windows NT 5.2; U; zh-cn) Presto/2.7.62 Version/11.01"
10.241.70.108 - - [01/Jan/2019:16:50:46 +0800] "GET /css/bootstrap.min.css?v=3.3.6 HTTP/1.1" 302 14651 "http://10.245.146.90/login.html" "Opera/9.80 (Windows NT 5.2; U; zh-cn) Presto/2.7.62 Version/11.01"
10.241.70.108 - - [01/Jan/2019:16:50:46 +0800] "POST /personal/dataCollect1.php HTTP/1.1" 302 14651 "http://10.245.146.90/login.html" "Opera/9.80 (Windows NT 5.2; U; zh-cn) Presto/2.7.62 Version/11.01"
10.241.70.108 - - [01/Jan/2019:16:50:46 +0800] "GET /js/jquery.min.js?v=2.1.4 HTTP/1.1" 302 14651 "-" "Opera/9.80 (Windows NT 5.2; U; zh-cn) Presto/2.7.62 Version/11.01"
10.241.70.108 - - [01/Jan/2019:16:50:46 +0800] "GET /css/style.css?v=4.1.0 HTTP/1.1" 302 14651 "-" "Opera/9.80 (Windows NT 5.2; U; zh-cn) Presto/2.7.62 Version/11.01"
10.241.70.108 - - [01/Jan/2019:16:50:48 +0800] "GET /personal/editor/plugins/table-dialog/table-dialog.js HTTP/1.1" 302 28766 "http://10.245.146.90/personal/indexb.php" "Opera/9.80 (Windows NT 5.2; U; zh-cn) Presto/2.7.62 Version/11.01"
10.241.70.108 - - [01/Jan/2019:16:50:48 +0800] "POST /page/upcontent.php HTTP/1.1" 302 28766 "http://10.245.146.90/personal/indexb.php" "Opera/9.80 (Windows NT 5.2; U; zh-cn) Presto/2.7.62 Version/11.01"
10.241.70.108 - - [01/Jan/2019:16:50:48 +0800] "GET /page/articleAPI.php_=1546332648 HTTP/1.1" 302 28766 "http://10.245.146.90/personal/indexb.php" "Opera/9.80 (Windows NT 5.2; U; zh-cn) Presto/2.7.62 Version/11.01"
10.241.70.108 - - [01/Jan/2019:16:51:03 +0800] "GET /js/collect/mouse_keydown.js HTTP/1.1" 304 10408 "http://10.245.146.90/personal/indexb.php" "Opera/9.80 (Windows NT 5.2; U; zh-cn) Presto/2.7.62 Version/11.01"
10.241.70.108 - - [01/Jan/2019:16:51:03 +0800] "POST /page/upcontent.php HTTP/1.1" 304 10408 "-" "Opera/9.80 (Windows NT 5.2; U; zh-cn) Presto/2.7.62 Version/11.01"
10.241.70.108 - - [01/Jan/2019:16:52:20 +0800] "GET /js/collect/mouse_keydown.js HTTP/1.1" 302 37036 "http://10.245.146.90/personal/editor.php" "Opera/9.80 (Windows NT 5.2; U; zh-cn) Presto/2.7.62 Version/11.01"
10.241.70.108 - - [01/Jan/2019:16:52:20 +0800] "POST /personal/dataCollect2.php HTTP/1.1" 302 37036 "http://10.245.146.90/personal/editor.php" "Opera/9.80 (Windows NT 5.2; U; zh-cn) Presto/2.7.62 Version/11.01"
10.241.70.108 - - [01/Jan/2019:16:52:20 +0800] "POST /page/articleinfo.php HTTP/1.1" 302 37036 "-" "Opera/9.80 (Windows NT 5.2; U; zh-cn) Presto/2.7.62 Version/11.01"
10.241.70.108 - - [01/Jan/2019:16:53:11 +0800] "GET /page/articleAPI.php_=1546332791 HTTP/1.1" 302 1136 "http://10.245.146.90/personal/editor.php" "Opera/9.80 (Windows NT 5.2; U; zh-cn) Presto/2.7.62 Version/11.01"
10.241.70.108 - - [01/Jan/2019:16:53:11 +0800] "POST /personal/dataCollect2.php HTTP/1.1" 302 1136 "-" "Opera/9.80 (Windows NT 5.2; U; zh-cn) Presto/2.7.62 Version/11.01"
10.241.70.108 - - [01/Jan/2019:16:53:11 +0800] "GET /personal/docmanagement.php HTTP/1.1" 302 1136 "-" "Opera/9.80 (Windows NT 5.2; U; zh-cn) Presto/2.7.62 Version/11.01"
10.241.70.108 - - [01/Jan/2019:16:54:30 +0800] "GET /personal/editor.php?id=827 HTTP/1.1" 302 60010 "http://10.245.146.90/personal/indexb.php" "Opera/9.80 (Windows NT 5.2; U; zh-cn) Presto/2.7.62 Version/11.01"
10.241.70.108 - - [01/Jan/2019:16:54:30 +0800] "GET /personal/docmanagement.php HTTP/1.1" 302 60010 "http://10.245.146.90/personal/docmanagement.php" "Opera/9.80 (Windows NT 5.2; U; zh-cn) Presto/2.7.62 Version/11.01"
10.241.70.108 - - [01/Jan/2019:16:54:30 +0800] "GET /js/collect/mouse_keydown.js HTTP/1.1" 302 60010 "http://10.245.146.90/personal/editor.php" "Opera/9.80 (Windows NT 5.2; U; zh-cn) Presto/2.7.62 Version/11.01"
10.241.70.108 - - [01/Jan/2019:16:56:42 +0800] "GET /personal/userinfo.php HTTP/1.1" 200 54636 "http://10.245.146.90/personal/indexb.php" "Opera/9.80 (Windows NT 5.2; U; zh-cn) Presto/2.7.62 Version/11.01"
10.241.70.108 - - [01/Jan/2019:16:56:48 +0800] "GET /personal/serverinfo.php HTTP/1.1" 200 54636 "http://10.245.146.90/personal/indexb.php" "Opera/9.80 (Windows NT 5.2; U; zh-cn) Presto/2.7.62 Version/11.01"
10.241.70.108 - - [01/Jan/2019:16:58:35 +0800] "POST /personal/dataCollect2.php HTTP/1.1" 200 54636 "http://10.245.146.90/personal/indexb.php" "Opera/9.80 (Windows NT 5.2; U; zh-cn) Presto/2.7.62 Version/11.01"
10.241.70.108 - - [01/Jan/2019:17:01:10 +0800] "GET /list.php?more=2&page=9 HTTP/1.1" 200 54636 "http://10.245.146.90/personal/indexb.php" "Opera/9.80 (Windows NT 5.2; U; zh-cn) Presto/2.7.62 Version/11.01"
10.246.136.161 - - [01/Jan/2019:18:58:00 +0800] "GET /css/font-awesome.css?v=4.4.0 HTTP/1.1" 302 14455 "http://10.245.146.90/login.html" "Mozilla/5.0 (X11; NetBSD) AppleWebKit/537.36 (KHTML, like Gecko) Chrome/27.0.1453.116 Safari/537.36"
10.246.136.161 - - [01/Jan/2019:18:58:00 +0800] "GET /js/jquery.md5.js HTTP/1.1" 302 14455 "http://10.245.146.90/login.html" "Mozilla/5.0 (X11; NetBSD) AppleWebKit/537.36 (KHTML, like Gecko) Chrome/27.0.1453.116 Safari/537.36"
10.246.136.161 - - [01/Jan/2019:18:58:00 +0800] "POST /personal/dataCollect1.php HTTP/1.1" 302 14455 "http://10.245.146.90/login.html" "Mozilla/5.0 (X11; NetBSD) AppleWebKit/537.36 (KHTML, like Gecko) Chrome/27.0.1453.116 Safari/537.36"
10.246.136.161 - - [01/Jan/2019:18:58:00 +0800] "GET /js/jquery.min.js?v=2.1.4 HTTP/1.1" 302 14455 "http://10.245.146.90/login.html" "Mozilla/5.0 (X11; NetBSD) AppleWebKit/537.36 (KHTML, like Gecko) Chrome/27.0.1453.116 Safari/537.36"
10.246.136.161 - - [01/Jan/2019:18:58:00 +0800] "GET /login.html HTTP/1.1" 302 14455 "-" "Mozilla/5.0 (X11; NetBSD) AppleWebKit/537.36 (KHTML, like Gecko) Chrome/27.0.1453.116 Safari/537.36"
10.246.136.161 - - [01/Jan/2019:18:58:00 +0800] "GET /personal/indexb.php HTTP/1.1" 302 14455 "http://10.245.146.90/login.html" "Mozilla/5.0 (X11; NetBSD) AppleWebKit/537.36 (KHTML, like Gecko) Chrome/27.0.1453.116 Safari/537.36"
10.246.136.161 - - [01/Jan/2019:18:58:00 +0800] "GET /personal/indexb.php HTTP/1.1" 302 14455 "http://10.245.146.90/login.html" "Mozilla/5.0 (X11; NetBSD) AppleWebKit/537.36 (KHTML, like Gecko) Chrome/27.0.1453.116 Safari/537.36"
10.246.136.161 - - [01/Jan/2019:18:58:00 +0800] "GET /css/style.css?v=4.1.0 HTTP/1.1" 302 14455 "http://10.245.146.90/login.html" "Mozilla/5.0 (X11; NetBSD) AppleWebKit/537.36 (KHTML, like Gecko) Chrome/27.0.1453.116 Safari/537.36"
10.246.136.161 - - [01/Jan/2019:18:58:00 +0800] "GET /css/bootstrap.min.css?v=3.3.6 HTTP/1.1" 302 14455 "http://10.245.146.90/login.html" "Mozilla/5.0 (X11; NetBSD) AppleWebKit/537.36 (KHTML, like Gecko) Chrome/27.0.1453.116 Safari/537.36"
10.246.136.161 - - [01/Jan/2019:18:58:00 +0800] "POST /page/login.php HTTP/1.1" 302 14455 "http://10.245.146.90/login.html" "Mozilla/5.0 (X11; NetBSD) AppleWebKit/537.36 (KHTML, like Gecko) Chrome/27.0.1453.116 Safari/537.36"
10.246.136.161 - - [01/Jan/2019:18:58:00 +0800] "GET /css/animate.css HTTP/1.1" 302 14455 "http://10.245.146.90/login.html" "Mozilla/5.0 (X11; NetBSD) AppleWebKit/537.36 (KHTML, like Gecko) Chrome/27.0.1453.116 Safari/537.36"
10.246.136.161 - - [01/Jan/2019:18:58:00 +0800] "GET /personal/userportal.php HTTP/1.1" 302 14455 "http://10.245.146.90/login.html" "Mozilla/5.0 (X11; NetBSD) AppleWebKit/537.36 (KHTML, like Gecko) Chrome/27.0.1453.116 Safari/537.36"
10.246.136.161 - - [01/Jan/2019:18:58:02 +0800] "GET /page/articleAPI.php_=1546340282 HTTP/1.1" 304 35502 "http://10.245.146.90/personal/docmanagement.php" "Mozilla/5.0 (X11; NetBSD) AppleWebKit/537.36 (KHTML, like Gecko) Chrome/27.0.1453.116 Safari/537.36"
10.246.136.161 - - [01/Jan/2019:18:58:02 +0800] "GET /personal/docmanagement.php HTTP/1.1" 304 35502 "http://10.245.146.90/personal/docmanagement.php" "Mozilla/5.0 (X11; NetBSD) AppleWebKit/537.36 (KHTML, like Gecko) Chrome/27.0.1453.116 Safari/537.36"
10.246.136.161 - - [01/Jan/2019:18:58:07 +0800] GET /hugtkft HTTP/1.1" 403 "-" "-" Mozilla/5.0 (X11; NetBSD) AppleWebKit/537.36 (KHTML, like Gecko) Chrome/27.0.1453.116 Safari/537.36"
10.246.136.161 - - [01/Jan/2019:18:58:32 +0800] "GET /personal/docmanagement.php HTTP/1.1" 302 5748 "http://10.245.146.90/personal/indexb.php" "Mozilla/5.0 (X11; NetBSD) AppleWebKit/537.36 (KHTML, like Gecko) Chrome/27.0.1453.116 Safari/537.36"
10.246.136.161 - - [01/Jan/2019:18:58:32 +0800] "GET /js/collect/mouse_keydown.js HTTP/1.1" 302 5748 "http://10.245.146.90/personal/docmanagement.php" "Mozilla/5.0 (X11; NetBSD) AppleWebKit/537.36 (KHTML, like Gecko) Chrome/27.0.1453.116 Safari/537.36"
10.246.136.161 - - [01/Jan/2019:18:58:32 +0800] "GET /personal/docmanagement.php HTTP/1.1" 302 5748 "http://10.245.146.90/personal/editor.php" "Mozilla/5.0 (X11; NetBSD) AppleWebKit/537.36 (KHTML, like Gecko) Chrome/27.0.1453.116 Safari/537.36"
10.246.29.23 - - [01/Jan/2019:19:17:35 +0800] "POST /personal/dataCollect1.php HTTP/1.1" 304 40317 "http://10.245.146.90/login.html" "Opera/9.80 (Windows NT 6.0) Presto/2.12.388 Version/12.14"
10.246.29.23 - - [01/Jan/2019:19:17:35 +0800] "GET /personal/userportal.php HTTP/1.1" 304 40317 "http://10.245.146.90/login.html" "Opera/9.80 (Windows NT 6.0) Presto/2.12.388 Version/12.14"
10.246.29.23 - - [01/Jan/2019:19:17:35 +0800] "GET /personal/indexb.php HTTP/1.1" 304 40317 "http://10.245.146.90/login.html" "Opera/9.80 (Windows NT 6.0) Presto/2.12.388 Version/12.14"
10.246.29.23 - - [01/Jan/2019:19:17:35 +0800] "GET /personal/indexb.php HTTP/1.1" 304 40317 "http://10.245.146.90/login.html" "Opera/9.80 (Windows NT 6.0) Presto/2.12.388 Version/12.14"
10.246.29.23 - - [01/Jan/2019:19:17:35 +0800] "GET /css/style.css?v=4.1.0 HTTP/1.1" 304 40317 "http://10.245.146.90/login.html" "Opera/9.80 (Windows NT 6.0) Presto/2.12.388 Version/12.14"
10.246.29.23 - - [01/Jan/2019:19:17:35 +0800] "POST /page/login.php HTTP/1.1" 304 40317 "http://10.245.146.90/login.html" "Opera/9.80 (Windows NT 6.0) Presto/2.12.388 Version/12.14"
10.246.29.23 - - [01/Jan/2019:19:17:35 +0800] "GET /css/animate.css HTTP/1.1" 304 40317 "-" "Opera/9.80 (Windows NT 6.0) Presto/2.12.388 Version/12.14"
10.246.29.23 - - [01/Jan/2019:19:17:35 +0800] "GET /login.html HTTP/1.1" 304 40317 "http://10.245.146.90/login.html" "Opera/9.80 (Windows NT 6.0) Presto/2.12.388 Version/12.14"
10.246.29.23 - - [01/Jan/2019:19:17:37 +0800] "POST /page/upcontent.php HTTP/1.1" 200 56489 "http://10.245.146.90/personal/indexb.php" "Opera/9.80 (Windows NT 6.0) Presto/2.12.388 Version/12.14"
10.246.29.23 - - [01/Jan/2019:19:32:39 +0800] "POST /personal/dataCollect2.php HTTP/1.1" 200 32946 "http://10.245.146.90/personal/indexb.php" "Opera/9.80 (Windows NT 6.0) Presto/2.12.388 Version/12.14"
10.246.29.23 - - [01/Jan/2019:19:33:46 +0800] "GET /page/articleAPI.php_=1546342426 HTTP/1.1" 304 60812 "-" "Opera/9.80 (Windows NT 6.0) Presto/2.12.388 Version/12.14"
10.246.29.23 - - [01/Jan/2019:19:33:46 +0800] "POST /page/upcontent.php HTTP/1.1" 304 60812 "http://10.245.146.90/personal/indexb.php" "Opera/9.80 (Windows NT 6.0) Presto/2.12.388 Version/12.14"
10.246.29.23 - - [01/Jan/2019:19:34:46 +0800] "GET /js/collect/mouse_keydown.js HTTP/1.1" 200 13208 "http://10.245.146.90/personal/docmanagement.php" "Opera/9.80 (Windows NT 6.0) Presto/2.12.388 Version/12.14"
10.241.73.71 - - [01/Jan/2019:19:47:18 +0800] "GET /js/jquery.min.js?v=2.1.4 HTTP/1.1" 302 34532 "http://10.245.146.90/login.html" "Mozilla/5.0 (Windows NT 6.1) AppleWebKit/537.36 (KHTML, like Gecko) Chrome/41.0.2228.0 Safari/537.36"
10.241.73.71 - - [01/Jan/2019:19:47:18 +0800] "GET /css/font-awesome.css?v=4.4.0 HTTP/1.1" 302 34532 "-" "Mozilla/5.0 (Windows NT 6.1) AppleWebKit/537.36 (KHTML, like Gecko) Chrome/41.0.2228.0 Safari/537.36"
10.241.73.71 - - [01/Jan/2019:19:47:18 +0800] "GET /js/collect/sendData.js HTTP/1.1" 302 34532 "http://10.245.146.90/login.html" "Mozilla/5.0 (Windows NT 6.1) AppleWebKit/537.36 (KHTML, like Gecko) Chrome/41.0.2228.0 Safari/537.36"
10.241.73.71 - - [01/Jan/2019:19:47:18 +0800] "GET /personal/userportal.php HTTP/1.1" 302 34532 "http://10.245.146.90/login.html" "Mozilla/5.0 (Windows NT 6.1) AppleWebKit/537.36 (KHTML, like Gecko) Chrome/41.0.2228.0 Safari/537.36"
10.241.73.71 - - [01/Jan/2019:19:47:18 +0800] "POST /personal/dataCollect1.php HTTP/1.1" 302 34532 "http://10.245.146.90/login.html" "Mozilla/5.0 (Windows NT 6.1) AppleWebKit/537.36 (KHTML, like Gecko) Chrome/41.0.2228.0 Safari/537.36"
10.241.73.71 - - [01/Jan/2019:19:47:18 +0800] "GET /css/bootstrap.min.css?v=3.3.6 HTTP/1.1" 302 34532 "http://10.245.146.90/login.html" "Mozilla/5.0 (Windows NT 6.1) AppleWebKit/537.36 (KHTML, like Gecko) Chrome/41.0.2228.0 Safari/537.36"
10.241.73.71 - - [01/Jan/2019:19:47:18 +0800] "GET /js/jquery.md5.js HTTP/1.1" 302 34532 "http://10.245.146.90/login.html" "Mozilla/5.0 (Windows NT 6.1) AppleWebKit/537.36 (KHTML, like Gecko) Chrome/41.0.2228.0 Safari/537.36"
10.241.73.71 - - [01/Jan/2019:19:47:18 +0800] "GET /personal/indexb.php HTTP/1.1" 302 34532 "http://10.245.146.90/login.html" "Mozilla/5.0 (Windows NT 6.1) AppleWebKit/537.36 (KHTML, like Gecko) Chrome/41.0.2228.0 Safari/537.36"
10.241.73.71 - - [01/Jan/2019:19:47:18 +0800] "POST /page/login.php HTTP/1.1" 302 34532 "http://10.245.146.90/login.html" "Mozilla/5.0 (Windows NT 6.1) AppleWebKit/537.36 (KHTML, like Gecko) Chrome/41.0.2228.0 Safari/537.36"
10.241.73.71 - - [01/Jan/2019:19:47:20 +0800] "POST /page/articleinfo.php HTTP/1.1" 200 27667 "http://10.245.146.90/personal/indexb.php" "Mozilla/5.0 (Windows NT 6.1) AppleWebKit/537.36 (KHTML, like Gecko) Chrome/41.0.2228.0 Safari/537.36"
10.241.73.71 - - [01/Jan/2019:19:48:41 +0800] GET /oogunxxw HTTP/1.1" 403 "-" "-" Mozilla/5.0 (Windows NT 6.1) AppleWebKit/537.36 (KHTML, like Gecko) Chrome/41.0.2228.0 Safari/537.36"
10.241.73.71 - - [01/Jan/2019:19:51:12 +0800] "GET /personal/docmanagement.php HTTP/1.1" 302 61660 "http://10.245.146.90/personal/indexb.php" "Mozilla/5.0 (Windows NT 6.1) AppleWebKit/537.36 (KHTML, like Gecko) Chrome/41.0.2228.0 Safari/537.36"
10.241.73.71 - - [01/Jan/2019:19:51:12 +0800] "GET /page/articleAPI.php_=1546343472 HTTP/1.1" 302 61660 "http://10.245.146.90/personal/indexb.php" "Mozilla/5.0 (Windows NT 6.1) AppleWebKit/537.36 (KHTML, like Gecko) Chrome/41.0.2228.0 Safari/537.36"
10.241.73.71 - - [01/Jan/2019:19:51:12 +0800] "GET /personal/editor/plugins/table-dialog/table-dialog.js HTTP/1.1" 302 61660 "http://10.245.146.90/personal/editor.php" "Mozilla/5.0 (Windows NT 6.1) AppleWebKit/537.36 (KHTML, like Gecko) Chrome/41.0.2228.0 Safari/537.36"
10.241.73.71 - - [01/Jan/2019:19:52:41 +0800] "GET /personal/docmanagement.php HTTP/1.1" 304 16543 "-" "Mozilla/5.0 (Windows NT 6.1) AppleWebKit/537.36 (KHTML, like Gecko) Chrome/41.0.2228.0 Safari/537.36"
10.241.73.71 - - [01/Jan/2019:19:52:41 +0800] "GET /js/collect/mouse_keydown.js HTTP/1.1" 304 16543 "-" "Mozilla/5.0 (Windows NT 6.1) AppleWebKit/537.36 (KHTML, like Gecko) Chrome/41.0.2228.0 Safari/537.36"
10.241.73.71 - - [01/Jan/2019:19:54:10 +0800] "GET /personal/editor.php?id=456 HTTP/1.1" 304 56396 "http://10.245.146.90/personal/editor.php" "Mozilla/5.0 (Windows NT 6.1) AppleWebKit/537.36 (KHTML, like Gecko) Chrome/41.0.2228.0 Safari/537.36"
10.241.73.71 - - [01/Jan/2019:19:54:10 +0800] "POST /page/articleinfo.php HTTP/1.1" 304 56396 "http://10.245.146.90/personal/editor.php" "Mozilla/5.0 (Windows NT 6.1) AppleWebKit/537.36 (KHTML, like Gecko) Chrome/41.0.2228.0 Safari/537.36"
10.241.73.71 - - [01/Jan/2019:20:04:32 +0800] "POST /personal/dataCollect2.php HTTP/1.1" 200 15940 "http://10.245.146.90/personal/indexb.php" "Mozilla/5.0 (Windows NT 6.1) AppleWebKit/537.36 (KHTML, like Gecko) Chrome/41.0.2228.0 Safari/537.36"
10.246.49.154 - - [01/Jan/2019:20:58:09 +0800] "GET /personal/userportal.php HTTP/1.1" 304 45497 "-" "Opera/9.80 (Windows NT 6.1; U; pl) Presto/2.7.62 Version/11.00"
10.246.49.154 - - [01/Jan/2019:20:58:09 +0800] "POST /page/login.php HTTP/1.1" 304 45497 "http://10.245.146.90/login.html" "Opera/9.80 (Windows NT 6.1; U; pl) Presto/2.7.62 Version/11.00"
10.246.49.154 - - [01/Jan/2019:20:58:09 +0800] "POST /personal/dataCollect1.php HTTP/1.1" 304 45497 "-" "Opera/9.80 (Windows NT 6.1; U; pl) Presto/2.7.62 Version/11.00"
10.246.49.154 - - [01/Jan/2019:20:58:09 +0800] "GET /css/animate.css HTTP/1.1" 304 45497 "-" "Opera/9.80 (Windows NT 6.1; U; pl) Presto/2.7.62 Version/11.00"
10.246.49.154 - - [01/Jan/2019:20:58:09 +0800] "GET /css/font-awesome.css?v=4.4.0 HTTP/1.1" 304 45497 "http://10.245.146.90/login.html" "Opera/9.80 (Windows NT 6.1; U; pl) Presto/2.7.62 Version/11.00"
10.246.49.154 - - [01/Jan/2019:20:58:09 +0800] "GET /login.html HTTP/1.1" 304 45497 "http://10.245.146.90/login.html" "Opera/9.80 (Windows NT 6.1; U; pl) Presto/2.7.62 Version/11.00"
10.246.49.154 - - [01/Jan/2019:20:58:09 +0800] "GET /css/bootstrap.min.css?v=3.3.6 HTTP/1.1" 304 45497 "http://10.245.146.90/login.html" "Opera/9.80 (Windows NT 6.1; U; pl) Presto/2.7.62 Version/11.00"
10.246.49.154 - - [01/Jan/2019:20:58:09 +0800] "GET /js/jquery.md5.js HTTP/1.1" 304 45497 "http://10.245.146.90/login.html" "Opera/9.80 (Windows NT 6.1; U; pl) Presto/2.7.62 Version/11.00"
10.246.49.154 - - [01/Jan/2019:20:58:11 +0800] "GET /personal/editor/plugins/table-dialog/table-dialog.js HTTP/1.1" 200 49678 "-" "Opera/9.80 (Windows NT 6.1; U; pl) Presto/2.7.62 Version/11.00"
10.246.49.154 - - [01/Jan/2019:21:06:43 +0800] "GET /personal/docmanagement.php HTTP/1.1" 200 2825 "http://10.245.146.90/personal/editor.php" "Opera/9.80 (Windows NT 6.1; U; pl) Presto/2.7.62 Version/11.00"
10.246.49.154 - - [01/Jan/2019:21:07:33 +0800] "GET /personal/docmanagement.php HTTP/1.1" 302 59831 "http://10.245.146.90/personal/indexb.php" "Opera/9.80 (Windows NT 6.1; U; pl) Presto/2.7.62 Version/11.00"
10.246.49.154 - - [01/Jan/2019:21:07:33 +0800] "GET /personal/editor/plugins/table-dialog/table-dialog.js HTTP/1.1" 302 59831 "http://10.245.146.90/personal/editor.php" "Opera/9.80 (Windows NT 6.1; U; pl) Presto/2.7.62 Version/11.00"
10.246.49.154 - - [01/Jan/2019:21:07:33 +0800] "GET /personal/docmanagement.php HTTP/1.1" 302 59831 "http://10.245.146.90/personal/docmanagement.php" "Opera/9.80 (Windows NT 6.1; U; pl) Presto/2.7.62 Version/11.00"
10.246.49.154 - - [01/Jan/2019:21:08:36 +0800] "GET /js/collect/mouse_keydown.js HTTP/1.1" 304 18154 "http://10.245.146.90/personal/docmanagement.php" "Opera/9.80 (Windows NT 6.1; U; pl) Presto/2.7.62 Version/11.00"
10.246.49.154 - - [01/Jan/2019:21:08:36 +0800] "GET /personal/editor/plugins/table-dialog/table-dialog.js HTTP/1.1" 304 18154 "http://10.245.146.90/personal/docmanagement.php" "Opera/9.80 (Windows NT 6.1; U; pl) Presto/2.7.62 Version/11.00"
